Waiting ... ( copy gutenye/personal-management-system-front to lazycat offical registry)
uploading
[?25l[?25h[?25l[?25h[?25l[?25h[?25l[?25h[?25l[?25h[?25l[2K140da4f8: [                                                                                                    ] 0%
[2K1d9f5119: [                                                                                                    ] 0%
[2K2ef442a3: [                                                                                                    ] 0%
[2K33d8f2f6: [                                                                                                    ] 0%
[2K37e52be0: [                                                                                                    ] 0%
[2K4b1e45a9: [                                                                                                    ] 0%
[2K59e22667: [                                                                                                    ] 0%
[2K94058518: [                                                                                                    ] 0%
[2K96e47e70: [                                                                                                    ] 0%
[2Kf30ffbee: [                                                                                                    ] 0%
[?25h[?25l[10A[2K140da4f8: [##################                                                                                  ] 18%
[2K1d9f5119: [                                                                                                    ] 0%
[2K2ef442a3: [                                                                                                    ] 0%
[2K33d8f2f6: [                                                                                                    ] 0%
[2K37e52be0: [                                                                                                    ] 0%
[2K4b1e45a9: [                                                                                                    ] 0%
[2K59e22667: [                                                                                                    ] 0%
[2K94058518: [                                                                                                    ] 0%
[2K96e47e70: [                                                                                                    ] 0%
[2Kf30ffbee: [                                                                                                    ] 0%
[?25h[?25l[10A[2K140da4f8: [#######################################################                                             ] 55%
[2K1d9f5119: [                                                                                                    ] 0%
[2K2ef442a3: [                                                                                                    ] 0%
[2K33d8f2f6: [                                                                                                    ] 0%
[2K37e52be0: [                                                                                                    ] 0%
[2K4b1e45a9: [                                                                                                    ] 0%
[2K59e22667: [                                                                                                    ] 0%
[2K94058518: [                                                                                                    ] 0%
[2K96e47e70: [                                                                                                    ] 0%
[2Kf30ffbee: [                                                                                                    ] 0%
[?25h[?25l[10A[2K140da4f8: [################################################################                                    ] 64%
[2K1d9f5119: [                                                                                                    ] 0%
[2K2ef442a3: [                                                                                                    ] 0%
[2K33d8f2f6: [                                                                                                    ] 0%
[2K37e52be0: [                                                                                                    ] 0%
[2K4b1e45a9: [                                                                                                    ] 0%
[2K59e22667: [                                                                                                    ] 0%
[2K94058518: [                                                                                                    ] 0%
[2K96e47e70: [                                                                                                    ] 0%
[2Kf30ffbee: [                                                                                                    ] 0%
[?25h[?25l[10A[2K140da4f8: [################################################################                                    ] 64%
[2K1d9f5119: [                                                                                                    ] 0%
[2K2ef442a3: [                                                                                                    ] 0%
[2K33d8f2f6: [                                                                                                    ] 0%
[2K37e52be0: [                                                                                                    ] 0%
[2K4b1e45a9: [                                                                                                    ] 0%
[2K59e22667: [                                                                                                    ] 0%
[2K94058518: [                                                                                                    ] 0%
[2K96e47e70: [                                                                                                    ] 0%
[2Kf30ffbee: [                                                                                                    ] 0%
[?25h[?25l[10A[2K140da4f8: [############################################################################################        ] 92%
[2K1d9f5119: [                                                                                                    ] 0%
[2K2ef442a3: [                                                                                                    ] 0%
[2K33d8f2f6: [                                                                                                    ] 0%
[2K37e52be0: [                                                                                                    ] 0%
[2K4b1e45a9: [                                                                                                    ] 0%
[2K59e22667: [                                                                                                    ] 0%
[2K94058518: [                                                                                                    ] 0%
[2K96e47e70: [                                                                                                    ] 0%
[2Kf30ffbee: [                                                                                                    ] 0%
[?25h[?25l[10A[2K140da4f8: [####################################################################################################] 100%
[2K1d9f5119: [                                                                                                    ] 0%
[2K2ef442a3: [                                                                                                    ] 0%
[2K33d8f2f6: [                                                                                                    ] 0%
[2K37e52be0: [                                                                                                    ] 0%
[2K4b1e45a9: [                                                                                                    ] 0%
[2K59e22667: [                                                                                                    ] 0%
[2K94058518: [                                                                                                    ] 0%
[2K96e47e70: [                                                                                                    ] 0%
[2Kf30ffbee: [                                                                                                    ] 0%
[?25h[?25l[10A[2K140da4f8: [####################################################################################################] 100%
[2K1d9f5119: [                                                                                                    ] 0%
[2K2ef442a3: [                                                                                                    ] 0%
[2K33d8f2f6: [                                                                                                    ] 0%
[2K37e52be0: [                                                                                                    ] 0%
[2K4b1e45a9: [                                                                                                    ] 0%
[2K59e22667: [                                                                                                    ] 0%
[2K94058518: [                                                                                                    ] 0%
[2K96e47e70: [                                                                                                    ] 0%
[2Kf30ffbee: [                                                                                                    ] 0%
[?25h[?25l[10A[2K140da4f8: [####################################################################################################] 100%
[2K1d9f5119: [                                                                                                    ] 0%
[2K2ef442a3: [                                                                                                    ] 0%
[2K33d8f2f6: [                                                                                                    ] 0%
[2K37e52be0: [                                                                                                    ] 0%
[2K4b1e45a9: [                                                                                                    ] 0%
[2K59e22667: [                                                                                                    ] 0%
[2K94058518: [                                                                                                    ] 0%
[2K96e47e70: [                                                                                                    ] 0%
[2Kf30ffbee: [                                                                                                    ] 0%
[?25h[?25l[10A[2K140da4f8: [####################################################################################################] 100%
[2K1d9f5119: [                                                                                                    ] 0%
[2K2ef442a3: [                                                                                                    ] 0%
[2K33d8f2f6: [                                                                                                    ] 0%
[2K37e52be0: [                                                                                                    ] 0%
[2K4b1e45a9: [                                                                                                    ] 0%
[2K59e22667: [                                                                                                    ] 0%
[2K94058518: [                                                                                                    ] 0%
[2K96e47e70: [                                                                                                    ] 0%
[2Kf30ffbee: [                                                                                                    ] 0%
[?25h[?25l[10A[2K140da4f8: [####################################################################################################] 100%
[2K1d9f5119: [####################################################################################################] 100%
[2K2ef442a3: [                                                                                                    ] 0%
[2K33d8f2f6: [                                                                                                    ] 0%
[2K37e52be0: [                                                                                                    ] 0%
[2K4b1e45a9: [                                                                                                    ] 0%
[2K59e22667: [                                                                                                    ] 0%
[2K94058518: [                                                                                                    ] 0%
[2K96e47e70: [                                                                                                    ] 0%
[2Kf30ffbee: [                                                                                                    ] 0%
[?25h[?25l[10A[2K140da4f8: [####################################################################################################] 100%
[2K1d9f5119: [####################################################################################################] 100%
[2K2ef442a3: [                                                                                                    ] 0%
[2K33d8f2f6: [                                                                                                    ] 0%
[2K37e52be0: [                                                                                                    ] 0%
[2K4b1e45a9: [                                                                                                    ] 0%
[2K59e22667: [                                                                                                    ] 0%
[2K94058518: [                                                                                                    ] 0%
[2K96e47e70: [                                                                                                    ] 0%
[2Kf30ffbee: [                                                                                                    ] 0%
[?25h[?25l[10A[2K140da4f8: [####################################################################################################] 100%
[2K1d9f5119: [####################################################################################################] 100%
[2K2ef442a3: [####################################################################################################] 100%
[2K33d8f2f6: [                                                                                                    ] 0%
[2K37e52be0: [                                                                                                    ] 0%
[2K4b1e45a9: [                                                                                                    ] 0%
[2K59e22667: [                                                                                                    ] 0%
[2K94058518: [                                                                                                    ] 0%
[2K96e47e70: [                                                                                                    ] 0%
[2Kf30ffbee: [                                                                                                    ] 0%
[?25h[?25l[10A[2K140da4f8: [####################################################################################################] 100%
[2K1d9f5119: [####################################################################################################] 100%
[2K2ef442a3: [####################################################################################################] 100%
[2K33d8f2f6: [                                                                                                    ] 0%
[2K37e52be0: [                                                                                                    ] 0%
[2K4b1e45a9: [                                                                                                    ] 0%
[2K59e22667: [                                                                                                    ] 0%
[2K94058518: [                                                                                                    ] 0%
[2K96e47e70: [                                                                                                    ] 0%
[2Kf30ffbee: [                                                                                                    ] 0%
[?25h[?25l[10A[2K140da4f8: [####################################################################################################] 100%
[2K1d9f5119: [####################################################################################################] 100%
[2K2ef442a3: [####################################################################################################] 100%
[2K33d8f2f6: [                                                                                                    ] 0%
[2K37e52be0: [                                                                                                    ] 0%
[2K4b1e45a9: [                                                                                                    ] 0%
[2K59e22667: [                                                                                                    ] 0%
[2K94058518: [                                                                                                    ] 0%
[2K96e47e70: [                                                                                                    ] 0%
[2Kf30ffbee: [                                                                                                    ] 0%
[?25h[?25l[10A[2K140da4f8: [####################################################################################################] 100%
[2K1d9f5119: [####################################################################################################] 100%
[2K2ef442a3: [####################################################################################################] 100%
[2K33d8f2f6: [####################################################################################################] 100%
[2K37e52be0: [                                                                                                    ] 0%
[2K4b1e45a9: [                                                                                                    ] 0%
[2K59e22667: [                                                                                                    ] 0%
[2K94058518: [                                                                                                    ] 0%
[2K96e47e70: [                                                                                                    ] 0%
[2Kf30ffbee: [                                                                                                    ] 0%
[?25h[?25l[10A[2K140da4f8: [####################################################################################################] 100%
[2K1d9f5119: [####################################################################################################] 100%
[2K2ef442a3: [####################################################################################################] 100%
[2K33d8f2f6: [####################################################################################################] 100%
[2K37e52be0: [                                                                                                    ] 0%
[2K4b1e45a9: [                                                                                                    ] 0%
[2K59e22667: [                                                                                                    ] 0%
[2K94058518: [                                                                                                    ] 0%
[2K96e47e70: [                                                                                                    ] 0%
[2Kf30ffbee: [                                                                                                    ] 0%
[?25h[?25l[10A[2K140da4f8: [####################################################################################################] 100%
[2K1d9f5119: [####################################################################################################] 100%
[2K2ef442a3: [####################################################################################################] 100%
[2K33d8f2f6: [####################################################################################################] 100%
[2K37e52be0: [                                                                                                    ] 0%
[2K4b1e45a9: [                                                                                                    ] 0%
[2K59e22667: [                                                                                                    ] 0%
[2K94058518: [                                                                                                    ] 0%
[2K96e47e70: [                                                                                                    ] 0%
[2Kf30ffbee: [                                                                                                    ] 0%
[?25h[?25l[10A[2K140da4f8: [####################################################################################################] 100%
[2K1d9f5119: [####################################################################################################] 100%
[2K2ef442a3: [####################################################################################################] 100%
[2K33d8f2f6: [####################################################################################################] 100%
[2K37e52be0: [                                                                                                    ] 0%
[2K4b1e45a9: [                                                                                                    ] 0%
[2K59e22667: [                                                                                                    ] 0%
[2K94058518: [                                                                                                    ] 0%
[2K96e47e70: [                                                                                                    ] 0%
[2Kf30ffbee: [                                                                                                    ] 0%
[?25h[?25l[10A[2K140da4f8: [####################################################################################################] 100%
[2K1d9f5119: [####################################################################################################] 100%
[2K2ef442a3: [####################################################################################################] 100%
[2K33d8f2f6: [####################################################################################################] 100%
[2K37e52be0: [                                                                                                    ] 0%
[2K4b1e45a9: [                                                                                                    ] 0%
[2K59e22667: [                                                                                                    ] 0%
[2K94058518: [                                                                                                    ] 0%
[2K96e47e70: [                                                                                                    ] 0%
[2Kf30ffbee: [                                                                                                    ] 0%
[?25h[?25l[10A[2K140da4f8: [####################################################################################################] 100%
[2K1d9f5119: [####################################################################################################] 100%
[2K2ef442a3: [####################################################################################################] 100%
[2K33d8f2f6: [####################################################################################################] 100%
[2K37e52be0: [#########################################                                                           ] 41%
[2K4b1e45a9: [                                                                                                    ] 0%
[2K59e22667: [                                                                                                    ] 0%
[2K94058518: [                                                                                                    ] 0%
[2K96e47e70: [                                                                                                    ] 0%
[2Kf30ffbee: [                                                                                                    ] 0%
[?25h[?25l[10A[2K140da4f8: [####################################################################################################] 100%
[2K1d9f5119: [####################################################################################################] 100%
[2K2ef442a3: [####################################################################################################] 100%
[2K33d8f2f6: [####################################################################################################] 100%
[2K37e52be0: [####################################################################################################] 100%
[2K4b1e45a9: [                                                                                                    ] 0%
[2K59e22667: [                                                                                                    ] 0%
[2K94058518: [                                                                                                    ] 0%
[2K96e47e70: [                                                                                                    ] 0%
[2Kf30ffbee: [                                                                                                    ] 0%
[?25h[?25l[10A[2K140da4f8: [####################################################################################################] 100%
[2K1d9f5119: [####################################################################################################] 100%
[2K2ef442a3: [####################################################################################################] 100%
[2K33d8f2f6: [####################################################################################################] 100%
[2K37e52be0: [####################################################################################################] 100%
[2K4b1e45a9: [                                                                                                    ] 0%
[2K59e22667: [                                                                                                    ] 0%
[2K94058518: [                                                                                                    ] 0%
[2K96e47e70: [                                                                                                    ] 0%
[2Kf30ffbee: [                                                                                                    ] 0%
[?25h[?25l[10A[2K140da4f8: [####################################################################################################] 100%
[2K1d9f5119: [####################################################################################################] 100%
[2K2ef442a3: [####################################################################################################] 100%
[2K33d8f2f6: [####################################################################################################] 100%
[2K37e52be0: [####################################################################################################] 100%
[2K4b1e45a9: [                                                                                                    ] 0%
[2K59e22667: [                                                                                                    ] 0%
[2K94058518: [                                                                                                    ] 0%
[2K96e47e70: [                                                                                                    ] 0%
[2Kf30ffbee: [                                                                                                    ] 0%
[?25h[?25l[10A[2K140da4f8: [####################################################################################################] 100%
[2K1d9f5119: [####################################################################################################] 100%
[2K2ef442a3: [####################################################################################################] 100%
[2K33d8f2f6: [####################################################################################################] 100%
[2K37e52be0: [####################################################################################################] 100%
[2K4b1e45a9: [####################################################################################################] 100%
[2K59e22667: [                                                                                                    ] 0%
[2K94058518: [                                                                                                    ] 0%
[2K96e47e70: [                                                                                                    ] 0%
[2Kf30ffbee: [                                                                                                    ] 0%
[?25h[?25l[10A[2K140da4f8: [####################################################################################################] 100%
[2K1d9f5119: [####################################################################################################] 100%
[2K2ef442a3: [####################################################################################################] 100%
[2K33d8f2f6: [####################################################################################################] 100%
[2K37e52be0: [####################################################################################################] 100%
[2K4b1e45a9: [####################################################################################################] 100%
[2K59e22667: [                                                                                                    ] 0%
[2K94058518: [                                                                                                    ] 0%
[2K96e47e70: [                                                                                                    ] 0%
[2Kf30ffbee: [                                                                                                    ] 0%
[?25h[?25l[10A[2K140da4f8: [####################################################################################################] 100%
[2K1d9f5119: [####################################################################################################] 100%
[2K2ef442a3: [####################################################################################################] 100%
[2K33d8f2f6: [####################################################################################################] 100%
[2K37e52be0: [####################################################################################################] 100%
[2K4b1e45a9: [####################################################################################################] 100%
[2K59e22667: [############################################                                                        ] 44%
[2K94058518: [                                                                                                    ] 0%
[2K96e47e70: [                                                                                                    ] 0%
[2Kf30ffbee: [                                                                                                    ] 0%
[?25h[?25l[10A[2K140da4f8: [####################################################################################################] 100%
[2K1d9f5119: [####################################################################################################] 100%
[2K2ef442a3: [####################################################################################################] 100%
[2K33d8f2f6: [####################################################################################################] 100%
[2K37e52be0: [####################################################################################################] 100%
[2K4b1e45a9: [####################################################################################################] 100%
[2K59e22667: [####################################################################################################] 100%
[2K94058518: [                                                                                                    ] 0%
[2K96e47e70: [                                                                                                    ] 0%
[2Kf30ffbee: [                                                                                                    ] 0%
[?25h[?25l[10A[2K140da4f8: [####################################################################################################] 100%
[2K1d9f5119: [####################################################################################################] 100%
[2K2ef442a3: [####################################################################################################] 100%
[2K33d8f2f6: [####################################################################################################] 100%
[2K37e52be0: [####################################################################################################] 100%
[2K4b1e45a9: [####################################################################################################] 100%
[2K59e22667: [####################################################################################################] 100%
[2K94058518: [                                                                                                    ] 0%
[2K96e47e70: [                                                                                                    ] 0%
[2Kf30ffbee: [                                                                                                    ] 0%
[?25h[?25l[10A[2K140da4f8: [####################################################################################################] 100%
[2K1d9f5119: [####################################################################################################] 100%
[2K2ef442a3: [####################################################################################################] 100%
[2K33d8f2f6: [####################################################################################################] 100%
[2K37e52be0: [####################################################################################################] 100%
[2K4b1e45a9: [####################################################################################################] 100%
[2K59e22667: [####################################################################################################] 100%
[2K94058518: [                                                                                                    ] 0%
[2K96e47e70: [                                                                                                    ] 0%
[2Kf30ffbee: [                                                                                                    ] 0%
[?25h[?25l[10A[2K140da4f8: [####################################################################################################] 100%
[2K1d9f5119: [####################################################################################################] 100%
[2K2ef442a3: [####################################################################################################] 100%
[2K33d8f2f6: [####################################################################################################] 100%
[2K37e52be0: [####################################################################################################] 100%
[2K4b1e45a9: [####################################################################################################] 100%
[2K59e22667: [####################################################################################################] 100%
[2K94058518: [                                                                                                    ] 0%
[2K96e47e70: [                                                                                                    ] 0%
[2Kf30ffbee: [                                                                                                    ] 0%
[?25h[?25l[10A[2K140da4f8: [####################################################################################################] 100%
[2K1d9f5119: [####################################################################################################] 100%
[2K2ef442a3: [####################################################################################################] 100%
[2K33d8f2f6: [####################################################################################################] 100%
[2K37e52be0: [####################################################################################################] 100%
[2K4b1e45a9: [####################################################################################################] 100%
[2K59e22667: [####################################################################################################] 100%
[2K94058518: [                                                                                                    ] 0%
[2K96e47e70: [                                                                                                    ] 0%
[2Kf30ffbee: [                                                                                                    ] 0%
[?25h[?25l[10A[2K140da4f8: [####################################################################################################] 100%
[2K1d9f5119: [####################################################################################################] 100%
[2K2ef442a3: [####################################################################################################] 100%
[2K33d8f2f6: [####################################################################################################] 100%
[2K37e52be0: [####################################################################################################] 100%
[2K4b1e45a9: [####################################################################################################] 100%
[2K59e22667: [####################################################################################################] 100%
[2K94058518: [####################################################################################################] 100%
[2K96e47e70: [                                                                                                    ] 0%
[2Kf30ffbee: [                                                                                                    ] 0%
[?25h[?25l[10A[2K140da4f8: [####################################################################################################] 100%
[2K1d9f5119: [####################################################################################################] 100%
[2K2ef442a3: [####################################################################################################] 100%
[2K33d8f2f6: [####################################################################################################] 100%
[2K37e52be0: [####################################################################################################] 100%
[2K4b1e45a9: [####################################################################################################] 100%
[2K59e22667: [####################################################################################################] 100%
[2K94058518: [####################################################################################################] 100%
[2K96e47e70: [                                                                                                    ] 0%
[2Kf30ffbee: [                                                                                                    ] 0%
[?25h[?25l[10A[2K140da4f8: [####################################################################################################] 100%
[2K1d9f5119: [####################################################################################################] 100%
[2K2ef442a3: [####################################################################################################] 100%
[2K33d8f2f6: [####################################################################################################] 100%
[2K37e52be0: [####################################################################################################] 100%
[2K4b1e45a9: [####################################################################################################] 100%
[2K59e22667: [####################################################################################################] 100%
[2K94058518: [####################################################################################################] 100%
[2K96e47e70: [                                                                                                    ] 0%
[2Kf30ffbee: [                                                                                                    ] 0%
[?25h[?25l[10A[2K140da4f8: [####################################################################################################] 100%
[2K1d9f5119: [####################################################################################################] 100%
[2K2ef442a3: [####################################################################################################] 100%
[2K33d8f2f6: [####################################################################################################] 100%
[2K37e52be0: [####################################################################################################] 100%
[2K4b1e45a9: [####################################################################################################] 100%
[2K59e22667: [####################################################################################################] 100%
[2K94058518: [####################################################################################################] 100%
[2K96e47e70: [####################################################################################################] 100%
[2Kf30ffbee: [                                                                                                    ] 0%
[?25h[?25l[10A[2K140da4f8: [####################################################################################################] 100%
[2K1d9f5119: [####################################################################################################] 100%
[2K2ef442a3: [####################################################################################################] 100%
[2K33d8f2f6: [####################################################################################################] 100%
[2K37e52be0: [####################################################################################################] 100%
[2K4b1e45a9: [####################################################################################################] 100%
[2K59e22667: [####################################################################################################] 100%
[2K94058518: [####################################################################################################] 100%
[2K96e47e70: [####################################################################################################] 100%
[2Kf30ffbee: [                                                                                                    ] 0%
[?25h[?25l[10A[2K140da4f8: [####################################################################################################] 100%
[2K1d9f5119: [####################################################################################################] 100%
[2K2ef442a3: [####################################################################################################] 100%
[2K33d8f2f6: [####################################################################################################] 100%
[2K37e52be0: [####################################################################################################] 100%
[2K4b1e45a9: [####################################################################################################] 100%
[2K59e22667: [####################################################################################################] 100%
[2K94058518: [####################################################################################################] 100%
[2K96e47e70: [####################################################################################################] 100%
[2Kf30ffbee: [####################################################################################################] 100%
[?25h[?25l[10A[2K140da4f8: [####################################################################################################] 100%
[2K1d9f5119: [####################################################################################################] 100%
[2K2ef442a3: [####################################################################################################] 100%
[2K33d8f2f6: [####################################################################################################] 100%
[2K37e52be0: [####################################################################################################] 100%
[2K4b1e45a9: [####################################################################################################] 100%
[2K59e22667: [####################################################################################################] 100%
[2K94058518: [####################################################################################################] 100%
[2K96e47e70: [####################################################################################################] 100%
[2Kf30ffbee: [####################################################################################################] 100%
[?25h[?25l[10A[2K140da4f8: [####################################################################################################] 100%
[2K1d9f5119: [####################################################################################################] 100%
[2K2ef442a3: [####################################################################################################] 100%
[2K33d8f2f6: [####################################################################################################] 100%
[2K37e52be0: [####################################################################################################] 100%
[2K4b1e45a9: [####################################################################################################] 100%
[2K59e22667: [####################################################################################################] 100%
[2K94058518: [####################################################################################################] 100%
[2K96e47e70: [####################################################################################################] 100%
[2Kf30ffbee: [####################################################################################################] 100%
[?25h[?25l[10A[2K140da4f8: [####################################################################################################] 100%
[2K1d9f5119: [####################################################################################################] 100%
[2K2ef442a3: [####################################################################################################] 100%
[2K33d8f2f6: [####################################################################################################] 100%
[2K37e52be0: [####################################################################################################] 100%
[2K4b1e45a9: [####################################################################################################] 100%
[2K59e22667: [####################################################################################################] 100%
[2K94058518: [####################################################################################################] 100%
[2K96e47e70: [####################################################################################################] 100%
[2Kf30ffbee: [####################################################################################################] 100%
[?25h[?25l[10A[2K140da4f8: [####################################################################################################] 100%
[2K1d9f5119: [####################################################################################################] 100%
[2K2ef442a3: [####################################################################################################] 100%
[2K33d8f2f6: [####################################################################################################] 100%
[2K37e52be0: [####################################################################################################] 100%
[2K4b1e45a9: [####################################################################################################] 100%
[2K59e22667: [####################################################################################################] 100%
[2K94058518: [####################################################################################################] 100%
[2K96e47e70: [####################################################################################################] 100%
[2Kf30ffbee: [####################################################################################################] 100%
[?25h[?25l[10A[2K140da4f8: [####################################################################################################] 100%
[2K1d9f5119: [####################################################################################################] 100%
[2K2ef442a3: [####################################################################################################] 100%
[2K33d8f2f6: [####################################################################################################] 100%
[2K37e52be0: [####################################################################################################] 100%
[2K4b1e45a9: [####################################################################################################] 100%
[2K59e22667: [####################################################################################################] 100%
[2K94058518: [####################################################################################################] 100%
[2K96e47e70: [####################################################################################################] 100%
[2Kf30ffbee: [####################################################################################################] 100%
[?25h[?25l[10A[2K140da4f8: [####################################################################################################] 100%
[2K1d9f5119: [####################################################################################################] 100%
[2K2ef442a3: [####################################################################################################] 100%
[2K33d8f2f6: [####################################################################################################] 100%
[2K37e52be0: [####################################################################################################] 100%
[2K4b1e45a9: [####################################################################################################] 100%
[2K59e22667: [####################################################################################################] 100%
[2K94058518: [####################################################################################################] 100%
[2K96e47e70: [####################################################################################################] 100%
[2Kf30ffbee: [####################################################################################################] 100%
[?25h
uploaded:  registry.lazycat.cloud/gutenye/gutenye/personal-management-system-front:3798fb6db3074669
